******************************************************************************
                  TI ARM Linker Unix v20.2.2                   
******************************************************************************
>> Linked Wed May  4 15:17:25 2022

OUTPUT FILE NAME:   <SeniorDesignRTOS.out>
ENTRY POINT SYMBOL: "_c_int00_noargs"  address: 00004249


MEMORY CONFIGURATION

         name            origin    length      used     unused   attr    fill
----------------------  --------  ---------  --------  --------  ----  --------
  FLASH                 00000000   00040000  000043ba  0003bc46  R  X
  SRAM                  20000000   00001400  00000535  00000ecb  RW X
  GLOB                  20007c00   00000400  00000010  000003f0  RW X


SEGMENT ALLOCATION MAP

run origin  load origin   length   init length attrs members
----------  ----------- ---------- ----------- ----- -------
00000000    00000000    000043c0   000043c0    r-x
  00000000    00000000    0000026c   0000026c    r-- .intvecs
  0000026c    0000026c    000040ce   000040ce    r-x .text
  0000433a    0000433a    00000030   00000030    r-- .const
  00004370    00004370    00000050   00000050    r-- .cinit
20000000    20000000    0000053c   00000000    rw-
  20000000    20000000    00000321   00000000    rw- .bss
  20000328    20000328    00000200   00000000    rw- .stack
  20000528    20000528    00000014   00000000    rw- .data
20007c00    20007c00    00000010   00000000    rw-
  20007c00    20007c00    00000010   00000000    rw- .tbglob


SECTION ALLOCATION MAP

 output                                  attributes/
section   page    origin      length       input sections
--------  ----  ----------  ----------   ----------------
.intvecs   0    00000000    0000026c     
                  00000000    0000026c     tm4c123gh6pm_startup_ccs.obj (.intvecs)

.text      0    0000026c    000040ce     
                  0000026c    00001b8c     rtos.obj (.text)
                  00001df8    000007c0     gpio.obj (.text)
                  000025b8    000006dc     turningMechanismThread.obj (.text)
                  00002c94    000006a8     helperFunctions.obj (.text)
                  0000333c    0000037a     shell.obj (.text)
                  000036b6    00000002     --HOLE-- [fill = 0]
                  000036b8    00000204     kernel.obj (.text)
                  000038bc    00000200     LEDThread.obj (.text)
                  00003abc    00000180     uart0.obj (.text)
                  00003c3c    0000016c     uartCommunicationThread.obj (.text)
                  00003da8    00000136     rtsv7M4_T_le_v4SPD16_eabi.lib : fd_div_t2.asm.obj (.text)
                  00003ede    000000fc                                   : fd_mul_t2.asm.obj (.text)
                  00003fda    0000009c                                   : memcpy_t2.asm.obj (.text)
                  00004076    00000094     assemblyFunctions.obj (.text)
                  0000410a    00000068     rtsv7M4_T_le_v4SPD16_eabi.lib : copy_decompress_lzss.c.obj (.text:decompress:lzss:__TI_decompress_lzss)
                  00004172    00000002     --HOLE-- [fill = 0]
                  00004174    0000004c     solenoid.obj (.text)
                  000041c0    00000044     rtsv7M4_T_le_v4SPD16_eabi.lib : autoinit.c.obj (.text:__TI_auto_init_nobinit_nopinit:__TI_auto_init_nobinit_nopinit)
                  00004204    00000044                                   : fd_tou_t2.asm.obj (.text)
                  00004248    00000034                                   : boot_cortex_m.c.obj (.text:_c_int00_noargs:_c_int00_noargs)
                  0000427c    0000002c     svcCalls.obj (.text)
                  000042a8    00000024     wait.obj (.text)
                  000042cc    00000020     rtsv7M4_T_le_v4SPD16_eabi.lib : u_tofd_t2.asm.obj (.text)
                  000042ec    0000001c                                   : copy_zero_init.c.obj (.text:decompress:ZI:__TI_zero_init_nomemset:__TI_zero_init_nomemset)
                  00004308    00000010     clock.obj (.text)
                  00004318    0000000e     rtsv7M4_T_le_v4SPD16_eabi.lib : copy_decompress_none.c.obj (.text:decompress:none:__TI_decompress_none)
                  00004326    0000000c     tm4c123gh6pm_startup_ccs.obj (.text)
                  00004332    00000004     rtsv7M4_T_le_v4SPD16_eabi.lib : pre_init.c.obj (.text:_system_pre_init)
                  00004336    00000004                                   : exit.c.obj (.text:abort:abort)

.const     0    0000433a    00000030     
                  0000433a    00000010     helperFunctions.obj (.const:.string:$P$T0$1)
                  0000434a    00000010     helperFunctions.obj (.const:.string:$P$T1$2)
                  0000435a    00000010     helperFunctions.obj (.const:.string:$P$T2$3)

.cinit     0    00004370    00000050     
                  00004370    00000015     (.cinit..data.load) [load image, compression = lzss]
                  00004385    00000003     --HOLE-- [fill = 0]
                  00004388    0000000c     (__TI_handler_table)
                  00004394    0000000b     (.cinit..tbglob.load) [load image, compression = lzss]
                  0000439f    00000001     --HOLE-- [fill = 0]
                  000043a0    00000008     (.cinit..bss.load) [load image, compression = zero_init]
                  000043a8    00000018     (__TI_cinit_table)

.init_array 
*          0    00000000    00000000     UNINITIALIZED

.bss       0    20000000    00000321     UNINITIALIZED
                  20000000    00000270     (.common:tcb)
                  20000270    00000078     (.common:semaphores)
                  200002e8    00000030     (.common:processTimes)
                  20000318    00000008     (.common:priorityStartIndices)
                  20000320    00000001     (.common:priorityIndex)

.data      0    20000528    00000014     UNINITIALIZED
                  20000528    00000014     rtos.obj (.data)

.stack     0    20000328    00000200     UNINITIALIZED
                  20000328    00000004     rtsv7M4_T_le_v4SPD16_eabi.lib : boot_cortex_m.c.obj (.stack)
                  2000032c    000001fc     --HOLE--

.tbglob    0    20007c00    00000010     UNINITIALIZED
                  20007c00    00000005     turningMechanismThread.obj (.tbglob:init)
                  20007c05    00000004     turningMechanismThread.obj (.tbglob:uninit)
                  20007c09    00000003     uartCommunicationThread.obj (.tbglob)
                  20007c0c    00000002     LEDThread.obj (.tbglob:uninit)
                  20007c0e    00000001     LEDThread.obj (.tbglob:init)
                  20007c0f    00000001     solenoid.obj (.tbglob)

__llvm_prf_cnts 
*          0    20000000    00000000     UNINITIALIZED

MODULE SUMMARY

       Module                         code    ro data   rw data
       ------                         ----    -------   -------
    ./
       rtos.obj                       7052    0         821    
       gpio.obj                       1984    0         0      
       turningMechanismThread.obj     1756    0         9      
       helperFunctions.obj            1704    48        0      
       shell.obj                      890     0         0      
       tm4c123gh6pm_startup_ccs.obj   12      620       0      
       kernel.obj                     516     0         0      
       LEDThread.obj                  512     0         3      
       uart0.obj                      384     0         0      
       uartCommunicationThread.obj    364     0         3      
       assemblyFunctions.obj          148     0         0      
       solenoid.obj                   76      0         1      
       svcCalls.obj                   44      0         0      
       wait.obj                       36      0         0      
       clock.obj                      16      0         0      
    +--+------------------------------+-------+---------+---------+
       Total:                         15494   668       837    
                                                               
    /Applications/ti/ccs1020/ccs/tools/compiler/ti-cgt-arm_20.2.2.LTS/lib/rtsv7M4_T_le_v4SPD16_eabi.lib
       fd_div_t2.asm.obj              310     0         0      
       fd_mul_t2.asm.obj              252     0         0      
       memcpy_t2.asm.obj              156     0         0      
       copy_decompress_lzss.c.obj     104     0         0      
       autoinit.c.obj                 68      0         0      
       fd_tou_t2.asm.obj              68      0         0      
       boot_cortex_m.c.obj            52      0         0      
       u_tofd_t2.asm.obj              32      0         0      
       copy_zero_init.c.obj           28      0         0      
       copy_decompress_none.c.obj     14      0         0      
       exit.c.obj                     4       0         0      
       pre_init.c.obj                 4       0         0      
    +--+------------------------------+-------+---------+---------+
       Total:                         1092    0         0      
                                                               
       Stack:                         0       0         512    
       Linker Generated:              0       76        0      
    +--+------------------------------+-------+---------+---------+
       Grand Total:                   16586   744       1349   


LINKER GENERATED COPY TABLES

__TI_cinit_table @ 000043a8 records: 3, size/record: 8, table size: 24
	.data: load addr=00004370, load size=00000015 bytes, run addr=20000528, run size=00000014 bytes, compression=lzss
	.tbglob: load addr=00004394, load size=0000000b bytes, run addr=20007c00, run size=00000010 bytes, compression=lzss
	.bss: load addr=000043a0, load size=00000008 bytes, run addr=20000000, run size=00000321 bytes, compression=zero_init


LINKER GENERATED HANDLER TABLE

__TI_handler_table @ 00004388 records: 3, size/record: 4, table size: 12
	index: 0, handler: __TI_decompress_lzss
	index: 1, handler: __TI_decompress_none
	index: 2, handler: __TI_zero_init


GLOBAL SYMBOLS: SORTED ALPHABETICALLY BY Name 

address   name                          
-------   ----                          
00004337  C$$EXIT                       
00004327  ResetISR                      
20000528  __STACK_END                   
00000200  __STACK_SIZE                  
20000528  __STACK_TOP                   
000043a8  __TI_CINIT_Base               
000043c0  __TI_CINIT_Limit              
00004388  __TI_Handler_Table_Base       
00004394  __TI_Handler_Table_Limit      
000041c1  __TI_auto_init_nobinit_nopinit
0000410b  __TI_decompress_lzss          
00004319  __TI_decompress_none          
ffffffff  __TI_pprof_out_hndl           
ffffffff  __TI_prof_data_size           
ffffffff  __TI_prof_data_start          
00000000  __TI_static_base__            
000042ed  __TI_zero_init_nomemset       
00004205  __aeabi_d2uiz                 
00003da9  __aeabi_ddiv                  
00003edf  __aeabi_dmul                  
00003fdb  __aeabi_memcpy                
00003fdb  __aeabi_memcpy4               
00003fdb  __aeabi_memcpy8               
000042cd  __aeabi_ui2d                  
ffffffff  __binit__                     
ffffffff  __c_args__                    
UNDEFED   __mpu_init                    
20000328  __stack                       
20000000  __start___llvm_prf_cnts       
20000000  __stop___llvm_prf_cnts        
00004249  _c_int00_noargs               
UNDEFED   _system_post_cinit            
00004333  _system_pre_init              
00004337  abort                         
20007c03  angleOffset                   
ffffffff  binit                         
0000145d  busFaultIsr                   
00001b27  callDestroyThread             
00001b1b  callRestartThread             
0000279d  changeTurningMechanismOnFlag  
000027ef  checkCurrentAngle             
0000371b  clearMPUFaultBit              
000008b7  createSemaphore               
00000491  createThread                  
20007c01  currentAngle                  
00001c0d  debounce                      
000007a5  destroyThread                 
00002429  disablePinInterrupt           
00002161  disablePinPulldown            
00002119  disablePinPullup              
00001eb5  disablePort                   
0000384d  disableSubRegion              
0000419f  disengageSolenoid             
00003703  enableBusFaultIsr             
00003733  enableMPU                     
000036f7  enableMPUIsr                  
00002405  enablePinInterrupt            
0000213d  enablePinPulldown             
000020eb  enablePinPullup               
00001df9  enablePort                    
0000370f  enableUsageFaultIsr           
0000418b  engageSolenoid                
00001c63  errant                        
00001a25  flash4Hz                      
00000000  g_pfnVectors                  
000035d1  getFieldInteger               
0000359f  getFieldString                
0000163f  getIpcsData                   
000036cd  getMSP                        
000036c7  getPSP                        
000019c1  getPidof                      
00002473  getPinValue                   
00002529  getPortValue                  
00001697  getPsData                     
00002c95  getR0FromPSP                  
00002ca3  getR1FromPSP                  
000037ad  getRegionAddress              
00002cb1  getSVCNumber                  
000041b3  getSolenoidState              
00003325  getTime                       
00003bc5  getcUart0                     
0000333d  getsUart0                     
00002861  goHome                        
00002985  goHomePlusOne                 
000013e3  hardFaultIsr                  
2000052c  heap                          
00002ec9  hexToInt                      
00001a09  idle                          
00001a57  idle2                         
00001c7f  important                     
000014b1  initHw                        
0000026d  initRtos                      
00004175  initSolenoidHw                
00004309  initSystemClockTo40Mhz        
0000160b  initTimer1                    
000026f3  initTurningMechanismThreadHw  
00003abd  initUart0                     
000038bd  initializePwm                 
0000324d  intToString                   
00001871  ipcs                          
000033d1  isAlpha                       
00003533  isCommand                     
00003403  isNum                         
00003bdd  kbhitUart0                    
00001999  killPid                       
20007c0e  ledDataReceivedFlag           
00003a27  ledThread                     
20007c0c  ledThreadData                 
00001aaf  lengthyFn                     
00001cd1  main                          
00003fdb  memcpy                        
00002761  microStep                     
000027b1  motorIsOn                     
20007c02  motorOnFlag                   
00002a3d  moveMotor                     
0000129d  mpuFaultIsr                   
00003009  myAtoi                        
00001a39  oneshot                       
00003425  parseFields                   
00001a73  partOfLengthyFn               
00000a99  pendSvIsr                     
000019cf  pidof                         
000040b9  popR4ToR11FromPsp             
0000429b  post                          
00001b01  postSemaphore                 
000019a5  preempt                       
20000531  preemptionOn                  
00002d2f  printByteHex                  
00002e4d  printHex                      
00003173  printNumberPercentage         
00002cd3  printState                    
00002dbd  printTwoBytesHex              
20000320  priorityIndex                 
20000530  priorityOn                    
20000318  priorityStartIndices          
000019fd  proc_name                     
200002e8  processTimes                  
00001755  ps                            
000040fb  pushPSP                       
00004077  pushR4ToR11ToPsp              
00003b7d  putcUart0                     
00003b99  putsUart0                     
00003309  reStartTimer1                 
00001b4f  readKeys                      
00001567  readPbs                       
000016a5  reboot                        
000006fd  restartThread                 
00000321  rtosScheduler                 
000019b3  sched                         
0000201f  selectPinAnalogInput          
00001fd1  selectPinDigitalInput         
0000233b  selectPinInterruptBothEdges   
000022eb  selectPinInterruptFallingEdge 
00002391  selectPinInterruptHighLevel   
000023cb  selectPinInterruptLowLevel    
0000229b  selectPinInterruptRisingEdge  
00001f83  selectPinOpenDrainOutput      
00001f35  selectPinPushPullOutput       
20000270  semaphores                    
20007c0a  sendLEDDataFlag               
20007c0b  sendTurnMechDataFlag          
20007c09  sendUartFlag                  
000036d3  setASPBit                     
0000373f  setBaseRegion                 
0000283d  setDirection                  
00003755  setFlashRegion                
000036b9  setPSP                        
00002189  setPinAuxFunction             
0000206f  setPinCommitControl           
0000244d  setPinValue                   
000024a5  setPortValue                  
000039b3  setPwmDutyCycle               
0000376b  setSRAMRegion                 
000037f9  setSrd                        
000025b9  setStepFormat                 
000036e5  setTMPLBit                    
000008a9  setThreadPriority             
00003b51  setUart0BaudRate              
00001ca3  shell                         
00003639  shellFunction                 
00004281  sleep                         
20007c0f  solenoidFlag                  
000008f9  startRtos                     
00002f11  stringHexToInteger            
000030dd  stringsEqual                  
00000c21  svCallIsr                     
00000971  systickIsr                    
20000529  taskCount                     
20000528  taskCurrent                   
20000000  tcb                           
20000534  totalProcessTime              
00003727  triggerPENDSVIsrCall          
00002abf  turn                          
20007c05  turnMecData                   
20007c00  turnMechDataReceivedFlag      
000027db  turnOffMotor                  
000027c7  turnOnMotor                   
20007c04  turningMechOnFlag             
00002bcd  turningMechanism              
00002797  turningMechanismIsOn          
00003d3f  uartCommunication             
00003c3d  uartReceiveInput              
00003cdd  uartSendOutput                
00001c4f  uncooperative                 
0000147f  usageFaultIsr                 
0000428d  wait                          
000042a9  waitMicrosecond               
0000427d  yield                         


GLOBAL SYMBOLS: SORTED BY Symbol Address 

address   name                          
-------   ----                          
00000000  __TI_static_base__            
00000000  g_pfnVectors                  
00000200  __STACK_SIZE                  
0000026d  initRtos                      
00000321  rtosScheduler                 
00000491  createThread                  
000006fd  restartThread                 
000007a5  destroyThread                 
000008a9  setThreadPriority             
000008b7  createSemaphore               
000008f9  startRtos                     
00000971  systickIsr                    
00000a99  pendSvIsr                     
00000c21  svCallIsr                     
0000129d  mpuFaultIsr                   
000013e3  hardFaultIsr                  
0000145d  busFaultIsr                   
0000147f  usageFaultIsr                 
000014b1  initHw                        
00001567  readPbs                       
0000160b  initTimer1                    
0000163f  getIpcsData                   
00001697  getPsData                     
000016a5  reboot                        
00001755  ps                            
00001871  ipcs                          
00001999  killPid                       
000019a5  preempt                       
000019b3  sched                         
000019c1  getPidof                      
000019cf  pidof                         
000019fd  proc_name                     
00001a09  idle                          
00001a25  flash4Hz                      
00001a39  oneshot                       
00001a57  idle2                         
00001a73  partOfLengthyFn               
00001aaf  lengthyFn                     
00001b01  postSemaphore                 
00001b1b  callRestartThread             
00001b27  callDestroyThread             
00001b4f  readKeys                      
00001c0d  debounce                      
00001c4f  uncooperative                 
00001c63  errant                        
00001c7f  important                     
00001ca3  shell                         
00001cd1  main                          
00001df9  enablePort                    
00001eb5  disablePort                   
00001f35  selectPinPushPullOutput       
00001f83  selectPinOpenDrainOutput      
00001fd1  selectPinDigitalInput         
0000201f  selectPinAnalogInput          
0000206f  setPinCommitControl           
000020eb  enablePinPullup               
00002119  disablePinPullup              
0000213d  enablePinPulldown             
00002161  disablePinPulldown            
00002189  setPinAuxFunction             
0000229b  selectPinInterruptRisingEdge  
000022eb  selectPinInterruptFallingEdge 
0000233b  selectPinInterruptBothEdges   
00002391  selectPinInterruptHighLevel   
000023cb  selectPinInterruptLowLevel    
00002405  enablePinInterrupt            
00002429  disablePinInterrupt           
0000244d  setPinValue                   
00002473  getPinValue                   
000024a5  setPortValue                  
00002529  getPortValue                  
000025b9  setStepFormat                 
000026f3  initTurningMechanismThreadHw  
00002761  microStep                     
00002797  turningMechanismIsOn          
0000279d  changeTurningMechanismOnFlag  
000027b1  motorIsOn                     
000027c7  turnOnMotor                   
000027db  turnOffMotor                  
000027ef  checkCurrentAngle             
0000283d  setDirection                  
00002861  goHome                        
00002985  goHomePlusOne                 
00002a3d  moveMotor                     
00002abf  turn                          
00002bcd  turningMechanism              
00002c95  getR0FromPSP                  
00002ca3  getR1FromPSP                  
00002cb1  getSVCNumber                  
00002cd3  printState                    
00002d2f  printByteHex                  
00002dbd  printTwoBytesHex              
00002e4d  printHex                      
00002ec9  hexToInt                      
00002f11  stringHexToInteger            
00003009  myAtoi                        
000030dd  stringsEqual                  
00003173  printNumberPercentage         
0000324d  intToString                   
00003309  reStartTimer1                 
00003325  getTime                       
0000333d  getsUart0                     
000033d1  isAlpha                       
00003403  isNum                         
00003425  parseFields                   
00003533  isCommand                     
0000359f  getFieldString                
000035d1  getFieldInteger               
00003639  shellFunction                 
000036b9  setPSP                        
000036c7  getPSP                        
000036cd  getMSP                        
000036d3  setASPBit                     
000036e5  setTMPLBit                    
000036f7  enableMPUIsr                  
00003703  enableBusFaultIsr             
0000370f  enableUsageFaultIsr           
0000371b  clearMPUFaultBit              
00003727  triggerPENDSVIsrCall          
00003733  enableMPU                     
0000373f  setBaseRegion                 
00003755  setFlashRegion                
0000376b  setSRAMRegion                 
000037ad  getRegionAddress              
000037f9  setSrd                        
0000384d  disableSubRegion              
000038bd  initializePwm                 
000039b3  setPwmDutyCycle               
00003a27  ledThread                     
00003abd  initUart0                     
00003b51  setUart0BaudRate              
00003b7d  putcUart0                     
00003b99  putsUart0                     
00003bc5  getcUart0                     
00003bdd  kbhitUart0                    
00003c3d  uartReceiveInput              
00003cdd  uartSendOutput                
00003d3f  uartCommunication             
00003da9  __aeabi_ddiv                  
00003edf  __aeabi_dmul                  
00003fdb  __aeabi_memcpy                
00003fdb  __aeabi_memcpy4               
00003fdb  __aeabi_memcpy8               
00003fdb  memcpy                        
00004077  pushR4ToR11ToPsp              
000040b9  popR4ToR11FromPsp             
000040fb  pushPSP                       
0000410b  __TI_decompress_lzss          
00004175  initSolenoidHw                
0000418b  engageSolenoid                
0000419f  disengageSolenoid             
000041b3  getSolenoidState              
000041c1  __TI_auto_init_nobinit_nopinit
00004205  __aeabi_d2uiz                 
00004249  _c_int00_noargs               
0000427d  yield                         
00004281  sleep                         
0000428d  wait                          
0000429b  post                          
000042a9  waitMicrosecond               
000042cd  __aeabi_ui2d                  
000042ed  __TI_zero_init_nomemset       
00004309  initSystemClockTo40Mhz        
00004319  __TI_decompress_none          
00004327  ResetISR                      
00004333  _system_pre_init              
00004337  C$$EXIT                       
00004337  abort                         
00004388  __TI_Handler_Table_Base       
00004394  __TI_Handler_Table_Limit      
000043a8  __TI_CINIT_Base               
000043c0  __TI_CINIT_Limit              
20000000  __start___llvm_prf_cnts       
20000000  __stop___llvm_prf_cnts        
20000000  tcb                           
20000270  semaphores                    
200002e8  processTimes                  
20000318  priorityStartIndices          
20000320  priorityIndex                 
20000328  __stack                       
20000528  __STACK_END                   
20000528  __STACK_TOP                   
20000528  taskCurrent                   
20000529  taskCount                     
2000052c  heap                          
20000530  priorityOn                    
20000531  preemptionOn                  
20000534  totalProcessTime              
20007c00  turnMechDataReceivedFlag      
20007c01  currentAngle                  
20007c02  motorOnFlag                   
20007c03  angleOffset                   
20007c04  turningMechOnFlag             
20007c05  turnMecData                   
20007c09  sendUartFlag                  
20007c0a  sendLEDDataFlag               
20007c0b  sendTurnMechDataFlag          
20007c0c  ledThreadData                 
20007c0e  ledDataReceivedFlag           
20007c0f  solenoidFlag                  
ffffffff  __TI_pprof_out_hndl           
ffffffff  __TI_prof_data_size           
ffffffff  __TI_prof_data_start          
ffffffff  __binit__                     
ffffffff  __c_args__                    
ffffffff  binit                         
UNDEFED   __mpu_init                    
UNDEFED   _system_post_cinit            

[208 symbols]
